d:\sfml-doodlejump-cpp-master\doodlejump\x64\debug\vc143.pdb
d:\sfml-doodlejump-cpp-master\doodlejump\x64\debug\vc143.idb
d:\sfml-doodlejump-cpp-master\doodlejump\x64\debug\main.obj
d:\sfml-doodlejump-cpp-master\doodlejump\x64\debug\game.obj
d:\sfml-doodlejump-cpp-master\doodlejump\x64\debug\player.obj
d:\sfml-doodlejump-cpp-master\doodlejump\x64\debug\platform.obj
d:\sfml-doodlejump-cpp-master\x64\debug\doodlejump.exe
d:\sfml-doodlejump-cpp-master\x64\debug\doodlejump.pdb
d:\sfml-doodlejump-cpp-master\doodlejump\x64\debug\doodlejump.res
d:\sfml-doodlejump-cpp-master\doodlejump\x64\debug\doodlejump.ilk
d:\sfml-doodlejump-cpp-master\doodlejump\x64\debug\doodlejump.tlog\cl.command.1.tlog
d:\sfml-doodlejump-cpp-master\doodlejump\x64\debug\doodlejump.tlog\cl.items.tlog
d:\sfml-doodlejump-cpp-master\doodlejump\x64\debug\doodlejump.tlog\cl.read.1.tlog
d:\sfml-doodlejump-cpp-master\doodlejump\x64\debug\doodlejump.tlog\cl.write.1.tlog
d:\sfml-doodlejump-cpp-master\doodlejump\x64\debug\doodlejump.tlog\link.command.1.tlog
d:\sfml-doodlejump-cpp-master\doodlejump\x64\debug\doodlejump.tlog\link.read.1.tlog
d:\sfml-doodlejump-cpp-master\doodlejump\x64\debug\doodlejump.tlog\link.secondary.1.tlog
d:\sfml-doodlejump-cpp-master\doodlejump\x64\debug\doodlejump.tlog\link.write.1.tlog
d:\sfml-doodlejump-cpp-master\doodlejump\x64\debug\doodlejump.tlog\rc.command.1.tlog
d:\sfml-doodlejump-cpp-master\doodlejump\x64\debug\doodlejump.tlog\rc.read.1.tlog
d:\sfml-doodlejump-cpp-master\doodlejump\x64\debug\doodlejump.tlog\rc.write.1.tlog
